#
# There is insufficient memory for the Java Runtime Environment to continue.
# Native memory allocation (malloc) failed to allocate 1048576 bytes. Error detail: AllocateHeap
# Possible reasons:
#   The system is out of physical RAM or swap space
#   This process is running with CompressedOops enabled, and the Java Heap may be blocking the growth of the native heap
# Possible solutions:
#   Reduce memory load on the system
#   Increase physical memory or swap space
#   Check if swap backing store is full
#   Decrease Java heap size (-Xmx/-Xms)
#   Decrease number of Java threads
#   Decrease Java thread stack sizes (-Xss)
#   Set larger code cache with -XX:ReservedCodeCacheSize=
#   JVM is running with Unscaled Compressed Oops mode in which the Java heap is
#     placed in the first 4GB address space. The Java Heap base address is the
#     maximum limit for the native heap growth. Please use -XX:HeapBaseMinAddress
#     to set the Java Heap base and to place the Java Heap above 4GB virtual address.
# This output file may be truncated or incomplete.
#
#  Out of Memory Error (allocation.cpp:44), pid=18532, tid=13608
#
# JRE version:  (21.0.12.1+1) (build )
# Java VM: OpenJDK 64-Bit Server VM (21.0.12.1+1-LTS, mixed mode, sharing, tiered, compressed oops, compressed class ptrs, parallel gc, windows-amd64)
# No core dump will be written. Minidumps are not enabled by default on client versions of Windows
#

---------------  S U M M A R Y ------------

Command Line: --add-modules=ALL-SYSTEM --add-opens=java.base/java.util=ALL-UNNAMED --add-opens=java.base/java.lang=ALL-UNNAMED --add-opens=java.base/sun.nio.fs=ALL-UNNAMED -Declipse.application=org.eclipse.jdt.ls.core.id1 -Dosgi.bundles.defaultStartLevel=4 -Declipse.product=org.eclipse.jdt.ls.core.product -Djava.import.generatesMetadataFilesAtProjectRoot=false -Dm2e.project.cache.size=50 -DDetectVMInstallationsJob.disabled=true -Dfile.encoding=utf8 -XX:+UseParallelGC -XX:GCTimeRatio=4 -XX:AdaptiveSizePolicyWeight=90 -Dsun.zip.disableMemoryMapping=true -Xmx2G -Xms100m -Xlog:disable -javaagent:c:\Users\Me\.vscode\extensions\redhat.java-1.56.0-win32-x64\lombok\lombok-1.18.39-4050.jar -XX:+HeapDumpOnOutOfMemoryError -XX:HeapDumpPath=c:\Users\Me\AppData\Roaming\Code\User\workspaceStorage\f691df1004f8675a6e3bd338262b897f\redhat.java -Daether.dependencyCollector.impl=bf c:\Users\Me\.vscode\extensions\redhat.java-1.56.0-win32-x64\server\plugins\org.eclipse.equinox.launcher_1.8.0.v20260804-1928.jar -configuration c:\Users\Me\AppData\Roaming\Code\User\globalStorage\redhat.java\1.56.0\config_win -data c:\Users\Me\AppData\Roaming\Code\User\workspaceStorage\f691df1004f8675a6e3bd338262b897f\redhat.java\jdt_ws --pipe=\\.\pipe\lsp-3f29df48efcb5422231701023a526155-sock

Host: 12th Gen Intel(R) Core(TM) i5-1235U, 12 cores, 15G,  Windows 11 , 64 bit Build 26100 (10.0.26100.9549)
Time: Mon Oct  5 19:28:17 2026 Pakistan Standard Time elapsed time: 0.030976 seconds (0d 0h 0m 0s)

---------------  T H R E A D  ---------------

Current thread (0x000001edebb5d7d0):  JavaThread "Unknown thread" [_thread_in_vm, id=13608, stack(0x0000006448b00000,0x0000006448c00000) (1024K)]

Stack: [0x0000006448b00000,0x0000006448c00000]
Native frames: (J=compiled Java code, j=interpreted, Vv=VM code, C=native code)
V  [jvm.dll+0x6d83e9]
V  [jvm.dll+0x8b5736]
V  [jvm.dll+0x8b7cee]
V  [jvm.dll+0x8b83d3]
V  [jvm.dll+0x284596]
V  [jvm.dll+0xc13c7]
V  [jvm.dll+0x715b0d]
V  [jvm.dll+0x7161cc]
V  [jvm.dll+0x6e6f78]
V  [jvm.dll+0x87fd8c]
V  [jvm.dll+0x3c4f4c]
V  [jvm.dll+0x868a4b]
V  [jvm.dll+0x458071]
V  [jvm.dll+0x459c61]
C  [jli.dll+0x52dc]
C  [ucrtbase.dll+0x2cd30]
C  [KERNEL32.DLL+0x2cdf7]
C  [ntdll.dll+0x7ee4c]


---------------  P R O C E S S  ---------------

Threads class SMR info:
_java_thread_list=0x000001edebbcaad0, length=1, elements={
0x000001edebb5d7d0
}

Java Threads: ( => current thread )
=>0x000001edebb5d7d0 JavaThread "Unknown thread"             [_thread_in_vm, id=13608, stack(0x0000006448b00000,0x0000006448c00000) (1024K)]
Total: 1

Other Threads:
  0x000001edeb9eca00 WatcherThread "VM Periodic Task Thread"        [id=13616, stack(0x0000006448d00000,0x0000006448e00000) (1024K)]
  0x000001edebb7a9b0 WorkerThread "GC Thread#0"                     [id=3144, stack(0x0000006448c00000,0x0000006448d00000) (1024K)]
Total: 2

Threads with active compile tasks:
Total: 0

VM state: not at safepoint (normal execution)

VM Mutex/Monitor currently owned by a thread: None

Heap address: 0x0000000080000000, size: 2048 MB, Compressed Oops mode: 32-bit

CDS archive(s) mapped at: [0x000001ed84000000-0x000001ed84ba0000-0x000001ed84ba0000), size 12189696, SharedBaseAddress: 0x000001ed84000000, ArchiveRelocationMode: 1.
Compressed class space mapped at: 0x000001ed85000000-0x000001edc5000000, reserved size: 1073741824
Narrow klass base: 0x000001ed84000000, Narrow klass shift: 0, Narrow klass range: 0x100000000

GC Precious Log:
 CardTable entry size: 512
 CPUs: 12 total, 12 available
 Memory: 16108M
 Large Page Support: Disabled
 NUMA Support: Disabled
 Compressed Oops: Enabled (32-bit)
 Alignments: Space 512K, Generation 512K, Heap 2M
 Heap Min Capacity: 100M
 Heap Initial Capacity: 100M
 Heap Max Capacity: 2G
 Pre-touch: Disabled
 Parallel Workers: 10

Heap:
 PSYoungGen      total 29696K, used 512K [0x00000000d5580000, 0x00000000d7680000, 0x0000000100000000)
  eden space 25600K, 2% used [0x00000000d5580000,0x00000000d5600020,0x00000000d6e80000)
  from space 4096K, 0% used [0x00000000d7280000,0x00000000d7280000,0x00000000d7680000)
  to   space 4096K, 0% used [0x00000000d6e80000,0x00000000d6e80000,0x00000000d7280000)
 ParOldGen       total 68608K, used 0K [0x0000000080000000, 0x0000000084300000, 0x00000000d5580000)
  object space 68608K, 0% used [0x0000000080000000,0x0000000080000000,0x0000000084300000)
 Metaspace       used 0K, committed 0K, reserved 1048576K
  class space    used 0K, committed 0K, reserved 1048576K

Card table byte_map: [0x000001edeb500000,0x000001edeb910000] _byte_map_base: 0x000001edeb100000

Marking Bits: (ParMarkBitMap*) 0x00007ffea9c144a0
 Begin Bits: [0x000001ed80000000, 0x000001ed82000000)
 End Bits:   [0x000001ed82000000, 0x000001ed84000000)

Polling page: 0x000001ede9bb0000

Metaspace:

Usage:
  Non-class:      0 bytes used.
      Class:      0 bytes used.
       Both:      0 bytes used.

Virtual space:
  Non-class space:        0 bytes reserved,       0 bytes (  ?%) committed,  0 nodes.
      Class space:        1.00 GB reserved,       0 bytes (  0%) committed,  1 nodes.
             Both:        1.00 GB reserved,       0 bytes (  0%) committed. 

Chunk freelists:
   Non-Class:  0 bytes
       Class:  16.00 MB
        Both:  16.00 MB

MaxMetaspaceSize: unlimited
CompressedClassSpaceSize: 1.00 GB
Initial GC threshold: 21.00 MB
Current GC threshold: 17179869184.00 GB
CDS: on
 - commit_granule_bytes: 65536.
 - commit_granule_words: 8192.
 - virtual_space_node_default_size: 8388608.
 - enlarge_chunks_in_place: 1.
 - use_allocation_guard: 0.


Internal statistics:

num_allocs_failed_limit: 0.
num_arena_births: 0.
num_arena_deaths: 0.
num_vsnodes_births: 1.
num_vsnodes_deaths: 0.
num_space_committed: 0.
num_space_uncommitted: 0.
num_chunks_returned_to_freelist: 0.
num_chunks_taken_from_freelist: 1.
num_chunk_merges: 0.
num_chunk_splits: 1.
num_chunks_enlarged: 0.
num_inconsistent_stats: 0.

CodeHeap 'non-profiled nmethods': size=120000Kb used=0Kb max_used=0Kb free=120000Kb
 bounds [0x000001edf6830000, 0x000001edf6aa0000, 0x000001edfdd60000]
CodeHeap 'profiled nmethods': size=120000Kb used=0Kb max_used=0Kb free=120000Kb
 bounds [0x000001edeed60000, 0x000001edeefd0000, 0x000001edf6290000]
CodeHeap 'non-nmethods': size=5760Kb used=194Kb max_used=342Kb free=5565Kb
 bounds [0x000001edf6290000, 0x000001edf6500000, 0x000001edf6830000]
CodeCache: size=245760Kb, used=194Kb, max_used=342Kb, free=245565Kb
 total_blobs=70, nmethods=0, adapters=48, full_count=0
Compilation: enabled, stopped_count=0, restarted_count=0

Compilation events (0 events):
No events

GC Heap History (0 events):
No events

Dll operation events (2 events):
Event: 0.009 Attempting to load shared library c:\Users\Me\.vscode\extensions\redhat.java-1.56.0-win32-x64\jre\21.0.12.1-win32-x86_64\bin\java.dll
Event: 0.009 Loaded shared library c:\Users\Me\.vscode\extensions\redhat.java-1.56.0-win32-x64\jre\21.0.12.1-win32-x86_64\bin\java.dll

Deoptimization events (0 events):
No events

Classes loaded (0 events):
No events

Classes unloaded (0 events):
No events

Classes redefined (0 events):
No events

Internal exceptions (0 events):
No events

ZGC Phase Switch (0 events):
No events

VM Operations (0 events):
No events

Memory protections (0 events):
No events

Nmethod flushes (0 events):
No events

Events (1 events):
Event: 0.024 Thread 0x000001edebb5d7d0 Thread added: 0x000001edebb5d7d0


Dynamic libraries:
0x00007ff67f9a0000 - 0x00007ff67f9ae000 	c:\Users\Me\.vscode\extensions\redhat.java-1.56.0-win32-x64\jre\21.0.12.1-win32-x86_64\bin\java.exe
0x00007fff73740000 - 0x00007fff739a7000 	C:\WINDOWS\SYSTEM32\ntdll.dll
0x00007fff71c20000 - 0x00007fff71ceb000 	C:\WINDOWS\System32\KERNEL32.DLL
0x00007fff70970000 - 0x00007fff70d71000 	C:\WINDOWS\System32\KERNELBASE.dll
0x00007fff70d80000 - 0x00007fff70ecc000 	C:\WINDOWS\System32\ucrtbase.dll
0x00007fff03320000 - 0x00007fff0333e000 	c:\Users\Me\.vscode\extensions\redhat.java-1.56.0-win32-x64\jre\21.0.12.1-win32-x86_64\bin\VCRUNTIME140.dll
0x00007fff01620000 - 0x00007fff01638000 	c:\Users\Me\.vscode\extensions\redhat.java-1.56.0-win32-x64\jre\21.0.12.1-win32-x86_64\bin\jli.dll
0x00007fff72e70000 - 0x00007fff73047000 	C:\WINDOWS\System32\USER32.dll
0x00007fff70940000 - 0x00007fff70967000 	C:\WINDOWS\System32\win32u.dll
0x00007fff4da30000 - 0x00007fff4dcc0000 	C:\WINDOWS\WinSxS\amd64_microsoft.windows.common-controls_6595b64144ccf1df_6.0.26100.9549_none_3e0a0396e3330090\COMCTL32.dll
0x00007fff72530000 - 0x00007fff7255b000 	C:\WINDOWS\System32\GDI32.dll
0x00007fff721e0000 - 0x00007fff72289000 	C:\WINDOWS\System32\msvcrt.dll
0x00007fff711c0000 - 0x00007fff712e8000 	C:\WINDOWS\System32\gdi32full.dll
0x00007fff713b0000 - 0x00007fff71453000 	C:\WINDOWS\System32\msvcp_win.dll
0x00007fff71510000 - 0x00007fff71541000 	C:\WINDOWS\System32\IMM32.DLL
0x00007fff03310000 - 0x00007fff0331c000 	c:\Users\Me\.vscode\extensions\redhat.java-1.56.0-win32-x64\jre\21.0.12.1-win32-x86_64\bin\vcruntime140_1.dll
0x00007ffecbf50000 - 0x00007ffecbfdd000 	c:\Users\Me\.vscode\extensions\redhat.java-1.56.0-win32-x64\jre\21.0.12.1-win32-x86_64\bin\msvcp140.dll
0x00007ffea8f50000 - 0x00007ffea9cf2000 	c:\Users\Me\.vscode\extensions\redhat.java-1.56.0-win32-x64\jre\21.0.12.1-win32-x86_64\bin\server\jvm.dll
0x00007fff71790000 - 0x00007fff7184b000 	C:\WINDOWS\System32\ADVAPI32.dll
0x00007fff71460000 - 0x00007fff71508000 	C:\WINDOWS\System32\sechost.dll
0x00007fff730d0000 - 0x00007fff731e8000 	C:\WINDOWS\System32\RPCRT4.dll
0x00007fff71af0000 - 0x00007fff71b71000 	C:\WINDOWS\System32\WS2_32.dll
0x00007fff70790000 - 0x00007fff707ee000 	C:\WINDOWS\SYSTEM32\POWRPROF.dll
0x00007fff64e40000 - 0x00007fff64e77000 	C:\WINDOWS\SYSTEM32\WINMM.dll
0x00007fff50d80000 - 0x00007fff50d8b000 	C:\WINDOWS\SYSTEM32\VERSION.dll
0x00007fff70770000 - 0x00007fff70785000 	C:\WINDOWS\SYSTEM32\UMPDC.dll
0x00007fff6f5a0000 - 0x00007fff6f5bb000 	C:\WINDOWS\SYSTEM32\kernel.appcore.dll
0x00007fff01b70000 - 0x00007fff01b7a000 	c:\Users\Me\.vscode\extensions\redhat.java-1.56.0-win32-x64\jre\21.0.12.1-win32-x86_64\bin\jimage.dll
0x00007fff6d510000 - 0x00007fff6d75c000 	C:\WINDOWS\SYSTEM32\DBGHELP.DLL
0x00007fff73200000 - 0x00007fff7358a000 	C:\WINDOWS\System32\combase.dll
0x00007fff722e0000 - 0x00007fff723b9000 	C:\WINDOWS\System32\OLEAUT32.dll
0x00007fff4dd00000 - 0x00007fff4dd3b000 	C:\WINDOWS\SYSTEM32\dbgcore.DLL
0x00007fff712f0000 - 0x00007fff7139c000 	C:\WINDOWS\System32\bcryptPrimitives.dll
0x00007fff01600000 - 0x00007fff0160f000 	c:\Users\Me\.vscode\extensions\redhat.java-1.56.0-win32-x64\jre\21.0.12.1-win32-x86_64\bin\instrument.dll
0x00007ffecbec0000 - 0x00007ffecbee0000 	c:\Users\Me\.vscode\extensions\redhat.java-1.56.0-win32-x64\jre\21.0.12.1-win32-x86_64\bin\java.dll

JVMTI agents:
c:\Users\Me\.vscode\extensions\redhat.java-1.56.0-win32-x64\lombok\lombok-1.18.39-4050.jar path:none, loaded, not initialized, instrumentlib options:none

dbghelp: loaded successfully - version: 4.0.5 - missing functions: none
symbol engine: initialized successfully - sym options: 0x614 - pdb path: .;c:\Users\Me\.vscode\extensions\redhat.java-1.56.0-win32-x64\jre\21.0.12.1-win32-x86_64\bin;C:\WINDOWS\SYSTEM32;C:\WINDOWS\WinSxS\amd64_microsoft.windows.common-controls_6595b64144ccf1df_6.0.26100.9549_none_3e0a0396e3330090;c:\Users\Me\.vscode\extensions\redhat.java-1.56.0-win32-x64\jre\21.0.12.1-win32-x86_64\bin\server

VM Arguments:
jvm_args: --add-modules=ALL-SYSTEM --add-opens=java.base/java.util=ALL-UNNAMED --add-opens=java.base/java.lang=ALL-UNNAMED --add-opens=java.base/sun.nio.fs=ALL-UNNAMED -Declipse.application=org.eclipse.jdt.ls.core.id1 -Dosgi.bundles.defaultStartLevel=4 -Declipse.product=org.eclipse.jdt.ls.core.product -Djava.import.generatesMetadataFilesAtProjectRoot=false -Dm2e.project.cache.size=50 -DDetectVMInstallationsJob.disabled=true -Dfile.encoding=utf8 -XX:+UseParallelGC -XX:GCTimeRatio=4 -XX:AdaptiveSizePolicyWeight=90 -Dsun.zip.disableMemoryMapping=true -Xmx2G -Xms100m -Xlog:disable -javaagent:c:\Users\Me\.vscode\extensions\redhat.java-1.56.0-win32-x64\lombok\lombok-1.18.39-4050.jar -XX:+HeapDumpOnOutOfMemoryError -XX:HeapDumpPath=c:\Users\Me\AppData\Roaming\Code\User\workspaceStorage\f691df1004f8675a6e3bd338262b897f\redhat.java -Daether.dependencyCollector.impl=bf 
java_command: c:\Users\Me\.vscode\extensions\redhat.java-1.56.0-win32-x64\server\plugins\org.eclipse.equinox.launcher_1.8.0.v20260804-1928.jar -configuration c:\Users\Me\AppData\Roaming\Code\User\globalStorage\redhat.java\1.56.0\config_win -data c:\Users\Me\AppData\Roaming\Code\User\workspaceStorage\f691df1004f8675a6e3bd338262b897f\redhat.java\jdt_ws --pipe=\\.\pipe\lsp-3f29df48efcb5422231701023a526155-sock
java_class_path (initial): c:\Users\Me\.vscode\extensions\redhat.java-1.56.0-win32-x64\server\plugins\org.eclipse.equinox.launcher_1.8.0.v20260804-1928.jar
Launcher Type: SUN_STANDARD

[Global flags]
    uintx AdaptiveSizePolicyWeight                 = 90                                        {product} {command line}
     intx CICompilerCount                          = 4                                         {product} {ergonomic}
    uintx GCTimeRatio                              = 4                                         {product} {command line}
     bool HeapDumpOnOutOfMemoryError               = true                                   {manageable} {command line}
    ccstr HeapDumpPath                             = c:\Users\Me\AppData\Roaming\Code\User\workspaceStorage\f691df1004f8675a6e3bd338262b897f\redhat.java         {manageable} {command line}
   size_t InitialHeapSize                          = 104857600                                 {product} {command line}
   size_t MaxHeapSize                              = 2147483648                                {product} {command line}
   size_t MaxNewSize                               = 715653120                                 {product} {ergonomic}
   size_t MinHeapDeltaBytes                        = 524288                                    {product} {ergonomic}
   size_t MinHeapSize                              = 104857600                                 {product} {command line}
   size_t NewSize                                  = 34603008                                  {product} {ergonomic}
    uintx NonNMethodCodeHeapSize                   = 5839372                                {pd product} {ergonomic}
    uintx NonProfiledCodeHeapSize                  = 122909434                              {pd product} {ergonomic}
   size_t OldSize                                  = 70254592                                  {product} {ergonomic}
    uintx ProfiledCodeHeapSize                     = 122909434                              {pd product} {ergonomic}
    uintx ReservedCodeCacheSize                    = 251658240                              {pd product} {ergonomic}
     bool SegmentedCodeCache                       = true                                      {product} {ergonomic}
   size_t SoftMaxHeapSize                          = 2147483648                             {manageable} {ergonomic}
     bool UseCompressedOops                        = true                           {product lp64_product} {ergonomic}
     bool UseLargePagesIndividualAllocation        = false                                  {pd product} {ergonomic}
     bool UseParallelGC                            = true                                      {product} {command line}

Logging:
Log output configuration:
 #0: stdout all=off uptime,level,tags foldmultilines=false
 #1: stderr all=off uptime,level,tags foldmultilines=false

Release file:
<release file has not been read>
Environment Variables:
PATH=C:\Program Files\Common Files\Oracle\Java\javapath;C:\WINDOWS\system32;C:\WINDOWS;C:\WINDOWS\System32\Wbem;C:\WINDOWS\System32\WindowsPowerShell\v1.0\;C:\WINDOWS\System32\OpenSSH\;C:\Program Files\Git\cmd;C:\Program Files\Java\jdk-21\bin;C:\Users\Me\AppData\Local\nvm;C:\nvm4w\nodejs;C:\Program Files\Docker\Docker\resources\bin;C:\Program Files\PostgreSQL\18\bin;C:\Program Files\MySQL\MySQL Shell 8.0\bin\;C:\Users\Me\AppData\Local\Programs\Python\Launcher\;c:\Users\Me\AppData\Local\Programs\Trae\bin;C:\Users\Me\.local\bin;C:\Users\Me\AppData\Local\Microsoft\WindowsApps;C:\Users\Me\AppData\Local\Programs\Microsoft VS Code\bin;C:\msys64\ucrt64\bin;C:\Users\Me\AppData\Local\GitHubDesktop\bin;C:\Users\Me\AppData\Local\Packages\PythonSoftwareFoundation.Python.3.13_qbz5n2kfra8p0\LocalCache\local-packages\Python311\Scripts;C:\Users\Me\AppData\Local\Packages\PythonSoftwareFoundation.Python.3.13_qbz5n2kfra8p0\LocalCache\local-packages\Python313\Scripts;C:\Users\Me\AppData\Local\Programs\cursor\resources\app\bin;C:\Users\Me\AppData\Local\Microsoft\WindowsApps;C:\Users\Me\AppData\Local\nvm;C:\nvm4w\nodejs;C:\Users\Me\AppData\Local\Programs\Antigravity\bin;C:\Users\Me\AppData\Local\Programs\Antigravity IDE\bin
USERNAME=Me
OS=Windows_NT
PROCESSOR_IDENTIFIER=Intel64 Family 6 Model 154 Stepping 4, GenuineIntel
TMP=C:\Users\Me\AppData\Local\Temp
TEMP=C:\Users\Me\AppData\Local\Temp




Periodic native trim disabled

---------------  S Y S T E M  ---------------

OS:
 Windows 11 , 64 bit Build 26100 (10.0.26100.9549)
OS uptime: 0 days 3:11 hours
Hyper-V role detected

CPU: total 12 (initial active 12) (6 cores per cpu, 2 threads per core) family 6 model 154 stepping 4 microcode 0x424, cx8, cmov, fxsr, ht, mmx, 3dnowpref, sse, sse2, sse3, ssse3, sse4.1, sse4.2, popcnt, lzcnt, tsc, tscinvbit, avx, avx2, aes, erms, clmul, bmi1, bmi2, adx, sha, fma, vzeroupper, clflush, clflushopt, clwb, hv, serialize, rdtscp, rdpid, fsrm, f16c, cet_ibt, cet_ss
Processor Information for processor 0
  Max Mhz: 1300, Current Mhz: 1300, Mhz Limit: 1300
Processor Information for processor 1
  Max Mhz: 1300, Current Mhz: 1300, Mhz Limit: 1300
Processor Information for processor 2
  Max Mhz: 1300, Current Mhz: 1300, Mhz Limit: 1300
Processor Information for processor 3
  Max Mhz: 1300, Current Mhz: 1300, Mhz Limit: 1300
Processor Information for processor 4
  Max Mhz: 900, Current Mhz: 900, Mhz Limit: 900
Processor Information for processor 5
  Max Mhz: 900, Current Mhz: 900, Mhz Limit: 900
Processor Information for processor 6
  Max Mhz: 900, Current Mhz: 900, Mhz Limit: 900
Processor Information for processor 7
  Max Mhz: 900, Current Mhz: 900, Mhz Limit: 900
Processor Information for processor 8
  Max Mhz: 900, Current Mhz: 900, Mhz Limit: 900
Processor Information for processor 9
  Max Mhz: 900, Current Mhz: 900, Mhz Limit: 900
Processor Information for processor 10
  Max Mhz: 900, Current Mhz: 900, Mhz Limit: 900
Processor Information for processor 11
  Max Mhz: 900, Current Mhz: 900, Mhz Limit: 900

Memory: 4k page, system-wide physical 16108M (2147M free)
TotalPageFile size 22905M (AvailPageFile size 3M)
current process WorkingSet (physical memory assigned to process): 26M, peak: 26M
current process commit charge ("private bytes"): 221M, peak: 222M

vm_info: OpenJDK 64-Bit Server VM (21.0.12.1+1-LTS) for windows-amd64 JRE (21.0.12.1+1-LTS), built on 2026-08-18T00:00:00Z by "admin" with MS VC++ 17.12 (VS2022)

END.
